// Jest Snapshot v1, https://goo.gl/fbAQLP

exports[`header column matches snapshot matches snapshot 1`] = `
<DocumentFragment>
  <div>
    Test
    <span
      aria-label="caret-down"
      class="anticon anticon-caret-down"
      role="img"
      tabindex="-1"
    >
      <svg
        aria-hidden="true"
        data-icon="caret-down"
        fill="currentColor"
        focusable="false"
        height="1em"
        viewBox="0 0 1024 1024"
        width="1em"
      >
        <path
          d="M840.4 300H183.6c-19.7 0-30.7 20.8-18.5 35l328.4 380.8c9.4 10.9 27.5 10.9 37 0L858.9 335c12.2-14.2 1.2-35-18.5-35z"
        />
      </svg>
    </span>
  </div>
</DocumentFragment>
`;

exports[`header page matches snapshot matches snapshot 1`] = `
<DocumentFragment>
  <div>
    <div>
      <div>
        <div>
          Erstellt am: Nov 22, 2022 3:20 PM von: test2
        </div>
      </div>
      <div>
        <div>
          Ge√§ndert am: Nov 22, 2022 3:20 PM von: test2
        </div>
      </div>
    </div>
  </div>
</DocumentFragment>
`;
